// Vitest Snapshot v1, https://vitest.dev/guide/snapshot.html

exports[`PodcastFilter > should render correctly with default props 1`] = `
<div>
  <section
    class="flex justify-end w-3/5"
  >
    <div
      class="flex gap-3 items-center"
    >
      <span
        class="rounded-md font-bold bg-sky-600 text-white px-1 text"
      >
        100
      </span>
      <input
        class="min-w-[14rem] rounded border-2 border-gray-100 shadow-sm text-sm px-3 py-2 placeholder font-semibold focus:shadow-xl outline-none ease-in-out duration-300 placeholder:text-gray-400"
        placeholder="Filter podcasts..."
        type="text"
        value=""
      />
    </div>
  </section>
</div>
`;
